// Jest Snapshot v1, https://goo.gl/fbAQLP

exports[`transformFill should transform V1 fill 1`] = `
Object {
  "amount": Object {
    "USD": 1601.76195501,
  },
  "date": "2018-09-06T10:47:38.000Z",
  "feeRecipient": "0xe269e891a2ec8585a378882ffa531141205e92e9",
  "id": "5b9107e00d05f400042e3494",
  "makerAddress": "0x8dd688660ec0babd0b8a2f2de3232645f73cc5eb",
  "makerAmount": "7.1373405",
  "makerFee": Object {
    "USD": 9.13,
    "ZRX": "15",
  },
  "makerPrice": Object {
    "USD": 224.42000000000002,
  },
  "makerToken": Object {
    "address": "0xc02aaa39b223fe8d0a0e5c4f27ead9083c756cc2",
    "name": "Wrapped Ether",
    "symbol": "WETH",
  },
  "orderHash": "0xd7cbdddb68cfa6216e867227a4cb8ca281e0d82921000b4b977d6038535482f5",
  "protocolVersion": 1,
  "relayer": Object {
    "imageUrl": "https://0xtracker.com/assets/logos/ethfinex.png",
    "name": "Ethfinex",
    "slug": "ethfinex",
  },
  "senderAddress": undefined,
  "status": "successful",
  "takerAddress": "0xe269e891a2ec8585a378882ffa531141205e92e9",
  "takerAmount": "300000",
  "takerFee": Object {
    "USD": 3.04,
    "ZRX": "5",
  },
  "takerPrice": Object {
    "USD": 0.0053392065167000005,
  },
  "takerToken": Object {
    "address": "0xd7732e3783b0047aa251928960063f863ad022d8",
    "name": "BrahmaOS",
    "symbol": "BRM",
  },
  "totalFees": Object {
    "USD": 12.170000000000002,
    "ZRX": "20",
  },
  "transactionHash": "0x4c69e925be055eec7bc49cc681fd5267d1aca7e1db21f687ab19ab9d75b7447c",
}
`;
